// Jest Snapshot v1, https://goo.gl/fbAQLP

exports[`renders correctly 1`] = `
<RCTScrollView
  ListFooterComponent={
    <View
      style={
        Object {
          "alignItems": "center",
          "marginBottom": 50,
          "paddingTop": 15,
        }
      }
    >
      <Themed.Icon
        color="#a3c1ad"
        name="plus"
        onPress={[Function]}
        raised={true}
        type="font-awesome"
      />
    </View>
  }
  ListHeaderComponent={
    <DialogInput
      closeDialog={[Function]}
      hintInput="Group -1"
      isDialogVisible={false}
      message="Enter a new name for the group"
      submitInput={[Function]}
      title="Edit group name"
    />
  }
  data={Array []}
  disableVirtualization={false}
  extraData={
    Object {
      "Group": Array [],
      "billTotal": 0,
      "count": 0,
      "isDialogVisible": false,
      "selectedGroupIndex": -1,
      "selectedItemIndex": -1,
      "textHolder": "",
    }
  }
  getItem={[Function]}
  getItemCount={[Function]}
  horizontal={false}
  initialNumToRender={10}
  keyExtractor={[Function]}
  keyboardDismissMode="on-drag"
  keyboardShouldPersistTaps="always"
  maxToRenderPerBatch={10}
  numColumns={1}
  onContentSizeChange={[Function]}
  onEndReachedThreshold={2}
  onLayout={[Function]}
  onMomentumScrollEnd={[Function]}
  onScroll={[Function]}
  onScrollBeginDrag={[Function]}
  onScrollEndDrag={[Function]}
  removeClippedSubviews={false}
  renderItem={[Function]}
  scrollEventThrottle={50}
  stickyHeaderIndices={Array []}
  updateCellsBatchingPeriod={50}
  viewabilityConfigCallbackPairs={Array []}
  width="100%"
  windowSize={21}
>
  <View>
    <View
      onLayout={[Function]}
    >
      <Modal
        animationType="fade"
        hardwareAccelerated={false}
        onRequestClose={[Function]}
        transparent={true}
        visible={false}
      >
        <View
          style={
            Array [
              Object {
                "alignItems": "center",
                "flex": 1,
                "flexDirection": "column",
                "height": "100%",
                "justifyContent": "center",
                "width": "100%",
              },
              Object {},
            ]
          }
        >
          <View
            accessible={true}
            focusable={true}
            isTVSelectable={true}
            onClick={[Function]}
            onResponderGrant={[Function]}
            onResponderMove={[Function]}
            onResponderRelease={[Function]}
            onResponderTerminate={[Function]}
            onResponderTerminationRequest={[Function]}
            onStartShouldSetResponder={[Function]}
            style={
              Object {
                "alignItems": "center",
                "flex": 1,
                "flexDirection": "column",
                "height": "100%",
                "justifyContent": "center",
                "opacity": 1,
                "width": "100%",
              }
            }
          >
            <View
              style={
                Array [
                  Object {
                    "backgroundColor": "#E3E6E7",
                    "borderRadius": 10,
                    "marginLeft": 30,
                    "marginRight": 30,
                    "minWidth": 300,
                  },
                  Object {},
                ]
              }
            >
              <View
                style={
                  Object {
                    "padding": 10,
                  }
                }
              >
                <Text
                  style={
                    Object {
                      "fontSize": 20,
                      "fontWeight": "bold",
                      "marginBottom": 5,
                      "marginTop": 10,
                      "textAlign": "center",
                    }
                  }
                >
                  Edit group name
                </Text>
                <Text
                  style={
                    Array [
                      Object {
                        "fontSize": 16,
                        "marginBottom": 10,
                        "textAlign": "center",
                      },
                    ]
                  }
                >
                  Enter a new name for the group
                </Text>
                <TextInput
                  allowFontScaling={true}
                  autoCapitalize="none"
                  autoCorrect={true}
                  autoFocus={true}
                  clearButtonMode="never"
                  clearTextOnFocus={false}
                  keyboardType="default"
                  onChangeText={[Function]}
                  onKeyPress={[Function]}
                  placeholder="Group -1"
                  rejectResponderTermination={true}
                  style={
                    Object {
                      "backgroundColor": "white",
                      "borderColor": "#B0B0B0",
                      "borderRadius": 5,
                      "borderWidth": 1,
                      "color": "rgba(0,0,0,0.54)",
                      "fontSize": 16,
                      "marginBottom": 15,
                      "marginTop": 10,
                      "paddingBottom": 5,
                      "paddingLeft": 10,
                      "paddingTop": 5,
                      "textAlign": "left",
                    }
                  }
                  underlineColorAndroid="transparent"
                  value=""
                />
              </View>
              <View
                style={
                  Object {
                    "borderColor": "#B0B0B0",
                    "borderTopWidth": 1,
                    "flex": 1,
                    "flexDirection": "row",
                    "justifyContent": "center",
                    "maxHeight": 48,
                  }
                }
              >
                <View
                  accessible={true}
                  focusable={true}
                  isTVSelectable={true}
                  onClick={[Function]}
                  onResponderGrant={[Function]}
                  onResponderMove={[Function]}
                  onResponderRelease={[Function]}
                  onResponderTerminate={[Function]}
                  onResponderTerminationRequest={[Function]}
                  onStartShouldSetResponder={[Function]}
                  style={
                    Object {
                      "flex": 1,
                      "opacity": 1,
                    }
                  }
                >
                  <Text
                    style={
                      Object {
                        "borderColor": "#B0B0B0",
                        "borderRightWidth": 5,
                        "color": "#408AE2",
                        "fontSize": 18,
                        "height": 48,
                        "maxHeight": 48,
                        "padding": 10,
                        "textAlign": "center",
                      }
                    }
                  >
                    Cancel
                  </Text>
                </View>
                <View
                  style={
                    Object {
                      "backgroundColor": "#B0B0B0",
                      "width": 1,
                    }
                  }
                />
                <View
                  accessible={true}
                  focusable={true}
                  isTVSelectable={true}
                  onClick={[Function]}
                  onResponderGrant={[Function]}
                  onResponderMove={[Function]}
                  onResponderRelease={[Function]}
                  onResponderTerminate={[Function]}
                  onResponderTerminationRequest={[Function]}
                  onStartShouldSetResponder={[Function]}
                  style={
                    Object {
                      "flex": 1,
                      "opacity": 1,
                    }
                  }
                >
                  <Text
                    style={
                      Object {
                        "color": "#408AE2",
                        "fontSize": 18,
                        "padding": 10,
                        "textAlign": "center",
                      }
                    }
                  >
                    Submit
                  </Text>
                </View>
              </View>
            </View>
          </View>
        </View>
      </Modal>
    </View>
    <View
      onLayout={[Function]}
    >
      <View
        style={
          Object {
            "alignItems": "center",
            "marginBottom": 50,
            "paddingTop": 15,
          }
        }
      >
        <View>
          <View
            accessible={true}
            focusable={true}
            isTVSelectable={true}
            onClick={[Function]}
            onResponderGrant={[Function]}
            onResponderMove={[Function]}
            onResponderRelease={[Function]}
            onResponderTerminate={[Function]}
            onResponderTerminationRequest={[Function]}
            onStartShouldSetResponder={[Function]}
            style={
              Object {
                "alignItems": "center",
                "backgroundColor": "white",
                "borderRadius": 28,
                "height": 52,
                "justifyContent": "center",
                "margin": 7,
                "shadowColor": "rgba(0,0,0, .4)",
                "shadowOffset": Object {
                  "height": 1,
                  "width": 1,
                },
                "shadowOpacity": 1,
                "shadowRadius": 1,
                "width": 52,
              }
            }
          >
            <Text />
          </View>
        </View>
      </View>
    </View>
  </View>
</RCTScrollView>
`;
